[amandaseasholtz.com/index.html]
[backblue.gif]
[fade.gif]
[index.html]
[static.showit.co/200/PxRsaFG_R9K5SCESBhjZ6A/65601/adpwatermark2-black-01.png]
[static.showit.co/1200/6lzou59wTxCpsf9n8ofYJg/65601/adpmain-black-01.png]
[cdnjs.cloudflare.com/ajax/libs/animate.css/3.4.0/animate.min.css]
[ajax.googleapis.com/ajax/libs/jquery/3.5.1/jquery.min.js]
[lib.showit.co/engine/2.0.1/showit.css]
[lib.showit.co/engine/2.0.1/showit-lib.min.js]
[lib.showit.co/engine/2.0.1/showit.min.js]
[amandaseasholtz.com/contact.html]
[amandaseasholtz.com/blog/index.html]
[amandaseasholtz.com/shop.html]
[amandaseasholtz.com/weddings.html]
[amandaseasholtz.com/approach.html]
[static.showit.co/800/vdDAF0KfSTakrJ-tRwqjlQ/65601/adpsecondarylogo3-white-01.png]
[static.showit.co/400/aNCNcI2YQyWkWC4oRYssmA/65601/c75a4651.jpg]
[static.showit.co/800/-phr9qh6T4qxQboQeqGNsA/65601/c75a3056.jpg]
[static.showit.co/400/kzlYdfo1TK-eh2IjIXQB8g/65601/c75a6322_1.jpg]
[amandaseasholtz.com/represent-branding.html]
[static.showit.co/400/exBc4l8CQx2XjKfFJZ-7jw/65601/a_and_ewed0143.jpg]
[static.showit.co/400/X-Cb9wSgQ9a6XdbJP1oDRQ/65601/c75a2983.jpg]
[static.showit.co/1600/BT26-RwLTPypm2giqDDppQ/65601/untitled_12_5_10_in_17_10_in.jpg]
[amandaseasholtz.com/engagements.html]
[static.showit.co/800/qIAd8tLLS72JmdYPp7IH4A/65601/untitled_design_1.jpg]
[cdn-images.mailchimp.com/embedcode/horizontal-slim-10_7.css]
[static.showit.co/200/CqtSYxpsTPCln9iaZJMHTQ/65601/adpsecondarylogo3-black-01.png]
[amandaseasholtz.com/index.html]
[cdnjs.cloudflare.com/ajax/libs/animate.css/3.4.0/animate.min.css]
[lib.showit.co/engine/2.0.1/showit.css]
[static.showit.co/800/7lnau8lQRSyIzGvTBGMJQg/65601/c75a4851.jpg]
[static.showit.co/200/IbyHw6NWStiRgVmHTUt4tw/65601/a_and_jwed0393.jpg]
[static.showit.co/200/xBILyqk8Q4aZ0TgWZNvYMw/65601/flatlay012.jpg]
[static.showit.co/200/huD4J8jLSLi72QFCBDBabA/65601/d_and_awed0946.jpg]
[static.showit.co/200/OjwIn44-TeSSn2uOMtcufw/65601/k_and_hwed0763.jpg]
[static.showit.co/200/I1im7YXkQs-ooXK1sTsXbA/65601/k_and_hwed1096.jpg]
[static.showit.co/200/DyxgxUiTSnqF4yQ7OlPmkQ/65601/k_and_rwed0494_1.jpg]
[amandaseasholtz.com/contact.html]
[amandaseasholtz.com/blog/page/2/index.html]
[amandaseasholtz.com/wp-includes/css/dist/block-library/style.min6a4d.css]
[amandaseasholtz.com/feed/index.html]
[amandaseasholtz.com/wp-content/plugins/showit/public/js/showit4358.js]
[amandaseasholtz.com/wp-content/themes/showit/pubs/asphzjvlth2d7ubhlkx7bw/20230217170708Sxneqgq/assets/puba243.js]
[amandaseasholtz.com/xmlrpc0db0.php]
[static.showit.co/400/iU0w3K12RpOR5bhVnHBeHQ/65601/c75a4283.jpg]
[amandaseasholtz.com/wp-includes/wlwmanifest.xml]
[static.showit.co/400/6lzou59wTxCpsf9n8ofYJg/65601/adpmain-black-01.png]
[amandaseasholtz.com/wp-content/uploads/2023/01/6-Florida-Engagement-Photographer-scaled.jpg]
[amandaseasholtz.com/Florida-wedding-photography/index.html]
[amandaseasholtz.com/wp-content/uploads/2022/07/ault-park-wedding-56.jpg]
[amandaseasholtz.com/wp-json/index.html]
[amandaseasholtz.com/wp-content/uploads/2022/06/greenacres-art-center-wedding-15-scaled.jpg]
[amandaseasholtz.com/ault-park-wedding/index.html]
[amandaseasholtz.com/greenacres-art-center-wedding/index.html]
[amandaseasholtz.com/wp-content/uploads/2022/05/9-wedding-mehndi.jpg]
[amandaseasholtz.com/wp-content/uploads/2022/04/C75A6473-scaled.jpg]
[amandaseasholtz.com/angie-nick-westin-the-view-indian-wedding/index.html]
[amandaseasholtz.com/blog/index.html]
[static.showit.co/400/mlapu2kJTjml7rHB1cgLjQ/65601/view-from-notre-dame.jpg]
[amandaseasholtz.com/honeymoon-luggage/index.html]
[static.showit.co/1200/Hd-jijaSRbC_qkTEFyeVuw/65601/sales-6.jpg]
[static.showit.co/1200/V_0DUH_qT5m0bAS-fQyIzg/65601/for-website.jpg]
[gumroad.com/js/gumroad.js]
[amandaseasholtz.com/shop.html]
[lib.showit.co/widgets/tiled-gallery/1.0.6/si-tiled-gallery.js]
[lib.showit.co/widgets/sliding-gallery/2.0.4/gallery.js]
[static.showit.co/1600/bJuvnx9HQsOuyKi3ei4gCw/65601/m_and_jwed1042.jpg]
[static.showit.co/1600/Avp6Y5Y1TzuX4_Cv3PrhhA/65601/a_and_jengaged0152.jpg]
[static.showit.co/1600/D3fsXATAR8SqA8W-TOi4Sw/65601/florenceeditoral0100.jpg]
[static.showit.co/1600/_7R4LxB-TgC1Z1GTBDSQzw/65601/c75a2983_1.jpg]
[static.showit.co/1600/0n4-LU_MQze1IzEDXdgu4Q/65601/c75a5354_1.jpg]
[static.showit.co/1600/lhnoK6-ER6ioE_Hb2C72ZQ/65601/c75a7471.jpg]
[static.showit.co/1600/vD30sYRTSgaBh8-BECLrQQ/65601/c75a5129_1.jpg]
[static.showit.co/1600/xo2qFdM1S6-ruZGx_K-QdQ/65601/m_and_jwed2349.jpg]
[static.showit.co/1600/wyGkCQ_0RSWNFhFhKo7-Mg/65601/a_and_jwed1190.jpg]
[static.showit.co/1600/wk7leEedQnyt8KjpZG575A/65601/ktp_9745.jpg]
[static.showit.co/1600/XXhZHCIIROWXLMlHbxHV8A/65601/k_and_hwed0761.jpg]
[static.showit.co/1600/XxfgWDaoSECNOfHRk9qLtw/65601/c75a5544.jpg]
[static.showit.co/1600/kzlYdfo1TK-eh2IjIXQB8g/65601/c75a6322_1.jpg]
[static.showit.co/1600/NQ6-u5idSYub60laJQUiog/65601/florenceeditoral0031.jpg]
[static.showit.co/1600/DyxgxUiTSnqF4yQ7OlPmkQ/65601/k_and_rwed0494_1.jpg]
[static.showit.co/1600/t8f0JHWhRWaYG7bVBSk05w/65601/italyadp1220_1.jpg]
[static.showit.co/1600/cxDqh2sgTPKkIH1Jsru39Q/65601/a_and_jwed2208_1.jpg]
[static.showit.co/1600/SLPAHn6-QmW4_tES-qPINw/65601/c75a3670.jpg]
[static.showit.co/1600/dTKiULMrTGahs2s01UzxPw/65601/a_and_nwed1272.jpg]
[static.showit.co/1600/h5p8NM83RkmyXxDheTxiCA/65601/d_and_awed0945.jpg]
[static.showit.co/1600/exBc4l8CQx2XjKfFJZ-7jw/65601/a_and_ewed0143.jpg]
[static.showit.co/1600/l3_daFbMR4-hUGBuMYQQIg/65601/florenceeditoral0051.jpg]
[static.showit.co/1600/qU1KIlhMRlOGzEcYTP07Fg/65601/a_and_nwed1290.jpg]
[static.showit.co/1600/_JqgNXXQQQODlYdQrMcMWw/65601/a_and_jengaged0266.jpg]
[static.showit.co/1600/wkaqJWJBSXWkiIDhEjMBAQ/65601/florenceeditoral0274.jpg]
[static.showit.co/1600/P8g7LlvATbCDFx57npH1NA/65601/c75a5542.jpg]
[static.showit.co/1600/zKY_KmKEScOVB9K8IL1rTA/65601/florenceeditoral0166.jpg]
[static.showit.co/1600/YDMQtqT1TW2gGzsMxrFOJA/65601/b_and_bwed1003.jpg]
[static.showit.co/1600/vI7r58IdQlK8AHNm8-AbAg/65601/d_and_awed0132.jpg]
[static.showit.co/1600/CojsuiP1QAu91XPzOaPhZQ/65601/k_and_hwed0690.jpg]
[static.showit.co/1600/tlAwB7wNRKW4KxDn4PXIHA/65601/c75a3065.jpg]
[static.showit.co/1600/rmTuf_nvTjWrxLJgqlJD8g/65601/florenceeditoral0207.jpg]
[static.showit.co/1600/7aCf39CAQkeArGBM3kCgiA/65601/a_and_jwed0793.jpg]
[static.showit.co/1600/znP8UrrVTZqx3mTyT3w6mg/65601/k_and_gwed0597.jpg]
[static.showit.co/1600/d14BT-MbSgKVNNIlfKwhGA/65601/d_and_abw0350.jpg]
[static.showit.co/1600/ZIyG-NKPS7C4UVJNv5isCg/65601/a_and_jengaged0230.jpg]
[static.showit.co/1600/Svw1HZ9nTBieY2LVjN8Cnw/65601/parisian-rooftops.jpg]
[static.showit.co/1600/oD8KzJXcRia0AEQw1BQvmQ/65601/d_and_awed0633.jpg]
[static.showit.co/1600/6HNG69eXSVSVQlRGt37iPA/65601/d_and_awed0946.jpg]
[static.showit.co/1600/y1SJPr5zSI-dUT8XVBw_lQ/65601/c75a4199.jpg]
[static.showit.co/1600/EoTodOYeRzmlilPlwYYxzg/65601/d_and_abw103.jpg]
[static.showit.co/1600/D72_mEqlQ1ylRruAmgZPCQ/65601/m_and_e021.jpg]
[static.showit.co/1600/mVRoDfU3Ra-uckmWguzXVQ/65601/k_and_gwed0887.jpg]
[static.showit.co/1600/V8WMZyiKSfmC8iH0B9DQIg/65601/d_and_bwed1446_1.jpg]
[static.showit.co/1600/wGr8sVtYQL-SaUtVjVrlcg/65601/d_and_awed1149.jpg]
[static.showit.co/1600/uORR_GZ3Rg2OqPPZqGNNVA/65601/a_and_jengaged0285.jpg]
[static.showit.co/1600/eXAjYWdtTEC3GB6ztX0uiw/65601/ktp_0320.jpg]
[static.showit.co/1600/TifaMKQLQbSP-XKXXkvIEw/65601/p_and_cengaged0158.jpg]
[static.showit.co/1600/lRyP6VicR1iAw-curhvWhw/65601/c75a7814.jpg]
[static.showit.co/1600/mCH9BT1-TNOaLcIwGAHOcA/65601/c75a8698.jpg]
[static.showit.co/1600/X-Cb9wSgQ9a6XdbJP1oDRQ/65601/c75a2983.jpg]
[static.showit.co/1600/6M5iR9lnQzuUlIOZVPXQZA/65601/d_and_bwed1452.jpg]
[static.showit.co/1600/ocWjDDwPTaqUBkW71vloXQ/65601/ktp_0557.jpg]
[static.showit.co/1600/3Ktx9oCOQgStyn16xB_NOA/65601/l_and_jwed1376.jpg]
[static.showit.co/1600/Uv20ulbnQhOfo9d3VM08wA/65601/l_and_jwed2071.jpg]
[static.showit.co/1600/gHJXxQv1S1W38YP--2_H-Q/65601/on-the-shores-of-ireland.jpg]
[static.showit.co/1600/QFUjBHXjSFGOv3IKzVZgFQ/65601/a_and_jwed0809.jpg]
[static.showit.co/1600/A89gg43mQHSldI4nc17Wog/65601/flatlay012_1_-best.jpg]
[static.showit.co/1600/la58qGxfQ2mtgDdihFPI_Q/65601/c75a2634-2.jpg]
[static.showit.co/1600/vxBpsA-BTr-UAWUBRbHpjw/65601/c75a5317.jpg]
[static.showit.co/1600/2QwiuuNKSNatVUBEP25Wng/65601/c75a9611.jpg]
[static.showit.co/1600/aLorI2O9RciDvUaUKnLQbA/65601/a_and_jwed0720_1.jpg]
[static.showit.co/1600/FjvJAK6sR7KNEa27B0VOoA/65601/l_and_jwed1553.jpg]
[static.showit.co/1600/ZLvH_XZNQni2Ao1sE2HMLQ/65601/l_and_jwed1874.jpg]
[static.showit.co/400/31MRQlebQBabd_-LqQOynA/65601/d_and_awed0892.jpg]
[static.showit.co/400/09YDlOd-SjamQ9ZNBwXang/65601/c75a4072.jpg]
[static.showit.co/400/5OqKe-T_TlSOa2aQedOWqA/65601/k_and_hwed0762.jpg]
[static.showit.co/400/T1lH3qKHQ1eTj6dYTq-yEw/65601/florenceeditoral0066.jpg]
[static.showit.co/400/QFAlbP8aQxeQKqwaJ_FljA/65601/ktp_1980.jpg]
[static.showit.co/400/umxDOUXgQGuXFZ3aK4bdmg/65601/a_and_jwed0363.jpg]
[static.showit.co/400/SGk-HmXzQCSYlj_K7u5CXg/65601/a_and_nwed2287.jpg]
[static.showit.co/400/AmUKK07hRMup6ywK0OoQVw/65601/b_and_bwed2419.jpg]
[static.showit.co/400/vZbcb60wS6K-zOkaYYdODQ/65601/k_and_gwed1111.jpg]
[static.showit.co/1600/OyrQoG6PTA6LlVRcW0IwkQ/65601/k_and_gwed0235.jpg]
[static.showit.co/1600/qH8k_xL3S1SAxkHL7F__bA/65601/k_and_gwed0079.jpg]
[static.showit.co/1600/k3zAIPAYQD21zNgxABWDcw/65601/k_and_gwed0003.jpg]
[static.showit.co/1600/szc61Y4kQQOpgtRaT0_HdA/65601/k_and_gwed0298.jpg]
[static.showit.co/1600/iqkPQJ6PRk-IGeWwnMpTKQ/65601/k_and_gwed0524.jpg]
[static.showit.co/1600/k6MyRdlWRkytn6YzwfQCWw/65601/k_and_gwed0264.jpg]
[static.showit.co/1600/pepsZw6oROGPAnQ-yAySZA/65601/k_and_gwed0255.jpg]
[static.showit.co/1600/bV1T8iCkTCy8IiLEBzfMgA/65601/k_and_gwed0851-1.jpg]
[static.showit.co/1600/v8Wd-O-1RuiHktJT9cTDTg/65601/k_and_gwed0663.jpg]
[static.showit.co/1600/d7HBLUchQnmLopbz2aEp8Q/65601/k_and_gwed0679.jpg]
[static.showit.co/1600/S_iVPwk3Q_C7ohvk1m16cw/65601/k_and_gwed0707.jpg]
[static.showit.co/1600/ydv1XhuCTnmpgy6Y0DNWFw/65601/k_and_gwed0717.jpg]
[static.showit.co/1600/PJLHUrjXQn-UCXFrC-o5oA/65601/k_and_gwed1097.jpg]
[static.showit.co/1600/E8MerAOTQ1OFvHJuIiWp3g/65601/k_and_gwed1099.jpg]
[static.showit.co/1600/g_QVgEnYT_qK4ReqHGNynA/65601/k_and_gwed0081.jpg]
[static.showit.co/1600/eertF1iuQvifO1UDD5tZjw/65601/k_and_gwed0148.jpg]
[static.showit.co/1600/IZxhuvOXR1eysBwpuRAvwA/65601/k_and_gwed0502.jpg]
[static.showit.co/1600/c9otugZrTJ6qCCahnK5XiQ/65601/k_and_gwed0739.jpg]
[static.showit.co/1600/Rd87ehqASQiaRDA6Z4dLzA/65601/k_and_gwed0005.jpg]
[static.showit.co/1600/BSn7GE8WQkuSU6zKSzxgOg/65601/k_and_gwed1073.jpg]
[static.showit.co/1600/qAisXgH5Rzef4g3f17Q5sw/65601/k_and_gwed1012.jpg]
[static.showit.co/1600/h8rnEmiuQuuHBhIQwaAg1A/65601/k_and_gwed1053.jpg]
[static.showit.co/1600/BSilDtLaTe-F3I8qtwKtxg/65601/k_and_gwed1046.jpg]
[static.showit.co/1600/tcNzG5MiSO2yIP3eVC_3eg/65601/k_and_gwed1198.jpg]
[static.showit.co/1600/QTbWKMjCS4eiEiw25ztREg/65601/k_and_gwed1248.jpg]
[static.showit.co/1600/IPGyp1wOT7qjdylWOtDl0A/65601/e_and_dwed0021.jpg]
[static.showit.co/1600/EMXB30XLSuOCyNop4rO3rQ/65601/e_and_dwed0038.jpg]
[static.showit.co/1600/XQ3W2RC4QCChlMCCEphybA/65601/e_and_dwed0131.jpg]
[static.showit.co/1600/NwUA7dizQKukVZSG8YIgiA/65601/e_and_dwed0171.jpg]
[static.showit.co/1600/P3CuRabmQRCaaGNmOe3fPg/65601/e_and_dwed0175.jpg]
[static.showit.co/1600/bonkHuNwRXeygMgjr4_n1Q/65601/e_and_dwed0269.jpg]
[static.showit.co/1600/ajKWpOI8STyXDlhHuJcQDQ/65601/e_and_dwed0311.jpg]
[static.showit.co/1600/jKOkEFElSrmddjys2UdCyg/65601/e_and_dwed0341.jpg]
[static.showit.co/1600/p_EGZpY3RoKHIoVBpnx0ig/65601/e_and_dwed0384.jpg]
[static.showit.co/1600/Zpu2Fni2SmWTTxwWLqmYfw/65601/e_and_dwed0400.jpg]
[static.showit.co/1600/5zxnmm-KSWGhZcmoT6pglw/65601/e_and_dwed0467.jpg]
[static.showit.co/1600/kuhX-K1rQGu9uUDog5z4Xg/65601/e_and_dwed1079.jpg]
[static.showit.co/1600/J66RcC2ERjG7jYiLBmTl_A/65601/e_and_dwed0479.jpg]
[static.showit.co/1600/kxy7DaSmT8-O-5yJTW3IDw/65601/e_and_dwed0481.jpg]
[static.showit.co/1600/TGMXRYVSQTqS7oK5hZKRIg/65601/e_and_dwed0485.jpg]
[static.showit.co/1600/h0vA1s0VTdOCWEGnKbzTqA/65601/e_and_dwed0493.jpg]
[static.showit.co/1600/ysKggvqIT6i_WFWBhZqxQQ/65601/e_and_dwed0495.jpg]
[static.showit.co/1600/k8zRIWfhSUG4MESc5c4AKg/65601/e_and_dwed0535.jpg]
[static.showit.co/1600/p-lF1TvqRlSJeAlgYUxRmA/65601/e_and_dwed0591.jpg]
[static.showit.co/1600/tZD1n0HaTBu4capjc5ojxQ/65601/e_and_dwed0835.jpg]
[static.showit.co/1600/bR9DzDhpSy22IgNG4xQmZg/65601/e_and_dwed0913.jpg]
[static.showit.co/1600/VX5xEpxMQHm_H66DTfYgNg/65601/e_and_dwed0949.jpg]
[static.showit.co/1600/tCb_R9ZLRgyJV-gMvU-PYA/65601/e_and_dwed0985.jpg]
[static.showit.co/1600/rP_RDDMyQyy6dOiWICd_BA/65601/e_and_dwed1023.jpg]
[static.showit.co/1600/0xsot1OnRHGn_wnKpf-V_Q/65601/e_and_dwed1261.jpg]
[static.showit.co/1600/1G0XTU8zSWOZ1251cR43UQ/65601/e_and_dwed1271.jpg]
[static.showit.co/1600/X9d9zOkUSxO6Lfwi-WPS4g/65601/e_and_dwed1310.jpg]
[static.showit.co/1600/io3bscGxRhiKLxJEWEXz9Q/65601/e_and_dwed1324.jpg]
[static.showit.co/1600/82bIYKt_Q6Oj7bff8YT8Og/65601/e_and_dwed1335.jpg]
[static.showit.co/1600/K5RaLvVkRG6_tXg4DI6iqg/65601/e_and_dwed1353.jpg]
[static.showit.co/1600/3orbwkF4Qgq4C8ohSBb8PA/65601/e_and_dwed1441.jpg]
[static.showit.co/1600/9oRRI8O5QEWRC7FB1g9pIQ/65601/e_and_dwed1532.jpg]
[static.showit.co/1600/2Fijy2ZNQZGhOxDMAbzTXQ/65601/e_and_dwed1553.jpg]
[static.showit.co/1600/vi0vMuHDQt2_rvB5ptmLNA/65601/e_and_dwed1591.jpg]
[static.showit.co/1600/p1VmTwsvThCyS2q8lf1VYg/65601/e_and_dwed1615.jpg]
[static.showit.co/1600/2LC-l3w0Q7SNef1pcuGDag/65601/e_and_dwed1632.jpg]
[static.showit.co/1600/2VpEBmqBSZKu_ik_KFVfpg/65601/e_and_dwed1645.jpg]
[static.showit.co/1600/TV4JWq8lT6-ejF5xtmouPw/65601/e_and_dwed1647.jpg]
[static.showit.co/1600/NFmOtrDRSACdvCypMaKNeQ/65601/e_and_dwed1749.jpg]
[static.showit.co/1600/OQ7M8WieSSSSDOJtdDKA9w/65601/e_and_dwed1758.jpg]
[static.showit.co/1600/PW-QuoARSLexAQeszIKWYw/65601/e_and_dwed1775.jpg]
[static.showit.co/1600/hUzTwk80QGy_rZcNvZazUg/65601/e_and_dwed1788.jpg]
[static.showit.co/1600/4oVXp5eiR6qC0F06bSs9Eg/65601/e_and_dwed1811.jpg]
[static.showit.co/1600/7HVbA8KORD2pCiUT4g5kPA/65601/e_and_dwed1924.jpg]
[static.showit.co/1600/WONKros3SaC3h34-tz7VEQ/65601/a_and_nwed0149.jpg]
[static.showit.co/1600/iEF6fZeWRIyonGJmbOTrzw/65601/a_and_nwed0075.jpg]
[static.showit.co/1600/rLHbSH9LRR6nMp-Ibj_64A/65601/a_and_nwed0536.jpg]
[static.showit.co/1600/9YBFtVbpQ_KyWWaOR4g4_g/65601/a_and_nwed0816.jpg]
[static.showit.co/1600/9J_XF4y7SUyLVlOp_STgWg/65601/a_and_nwed0123.jpg]
[static.showit.co/1600/M1KLRMsHTfe1me2c_BBVoA/65601/a_and_nwed0137.jpg]
[static.showit.co/1600/_0fcj6ztSfaksCvJ4o_Dgg/65601/a_and_nwed0095.jpg]
[static.showit.co/1600/YdPSItWVRTe22PEyU2j94A/65601/a_and_nwed0618.jpg]
[static.showit.co/1600/n2uJsP3cRKWzQ3-7TkuPaQ/65601/a_and_nwed0692.jpg]
[static.showit.co/1600/Zn5FzCfjSsyq9NORjoIOQA/65601/a_and_nwed0727.jpg]
[static.showit.co/1600/gfVOUElnSZaV9slY1N3shA/65601/a_and_nwed0795.jpg]
[static.showit.co/1600/tiVL1PklS0qg7TcGI4GARA/65601/a_and_nwed0847.jpg]
[static.showit.co/1600/DfQZL4XGRJqp17wl7mZ-aA/65601/a_and_nwed0882.jpg]
[static.showit.co/1600/2hC8GZH9RRmnWY5jTnEp0A/65601/a_and_nwed0903.jpg]
[static.showit.co/1600/uRRzUeHTSu-N61J7J0tjZA/65601/a_and_nwed0931.jpg]
[static.showit.co/1600/vWBWtYXtTr-ScnEoaFtGxQ/65601/a_and_nwed0935.jpg]
[static.showit.co/1600/rXdoh-NjQ2KPw6oNa0Y0yw/65601/a_and_nwed0943.jpg]
[static.showit.co/1600/RUjWaalkSLK5txaghUUNiQ/65601/a_and_nwed1157.jpg]
[static.showit.co/1600/Rh9bk0_dTOm-oWae-9RrWA/65601/a_and_nwed1164.jpg]
[static.showit.co/1600/bhQWp5plQOq0qTVEfzjXNA/65601/a_and_nwed1188.jpg]
[static.showit.co/1600/ErLIFwxTQLy3rSU7_9cSmQ/65601/a_and_nwed1203.jpg]
[static.showit.co/1600/6s5FfGmiT2iLyvjMS2_PbA/65601/a_and_nwed1361.jpg]
[static.showit.co/1600/D_zr6jZ4Qym39Wb9a9EI1g/65601/a_and_nwed1300.jpg]
[static.showit.co/1600/dA7RGMAASWecgtUZinbayw/65601/a_and_nwed1383.jpg]
[static.showit.co/1600/_TRjLtWmQk-e_tuuUFmSkg/65601/a_and_nwed1245.jpg]
[static.showit.co/1600/VwxTa72iSN2X4wGE9yPapw/65601/a_and_nwed1105.jpg]
[static.showit.co/1600/hxMUUvAcQBOw51yqxWWvgA/65601/a_and_nwed1121.jpg]
[static.showit.co/1600/72iZKAORTxC0F2gm_9sUxw/65601/a_and_nwed1563.jpg]
[static.showit.co/1600/CtT4NZQlSiKS9lEYFBfmxw/65601/a_and_nwed1613.jpg]
[static.showit.co/1600/u0P6LYODSuCn75kU1OjyNA/65601/a_and_nwed1675.jpg]
[static.showit.co/1600/a2Eqquw1QQWd0EuwmqiSjQ/65601/a_and_nwed1803.jpg]
[static.showit.co/1600/PmXpkL3YTw2DsaiJJsd88g/65601/a_and_nwed1855.jpg]
[static.showit.co/1600/2p9lkygoR-e2UKFH___z0A/65601/a_and_nwed1877.jpg]
[static.showit.co/1600/IqX8gQh_T5m0FL0h31cQbQ/65601/a_and_nwed1911.jpg]
[static.showit.co/1600/we2lnx0vRbGvIBj0ipTabg/65601/a_and_nwed1079.jpg]
[static.showit.co/1600/tBorUA1AShK8PpcrBZshBg/65601/a_and_nwed2095.jpg]
[static.showit.co/1600/QCAhpt0JSQSePqW6DISQnQ/65601/a_and_nwed2105.jpg]
[static.showit.co/1600/FmvkoQDyTcCHk98rpj-lVw/65601/a_and_nwed2149.jpg]
[static.showit.co/1600/lRu6NdTcScS7nvzlBHXnMA/65601/a_and_nwed2191.jpg]
[static.showit.co/1600/mzqQ5ZYNTKqYKWHDOB_F2g/65601/a_and_nwed2195.jpg]
[static.showit.co/1600/R3_m740DQiGpA21BeWSdLw/65601/a_and_nwed2201.jpg]
[static.showit.co/1600/LowiNBBnR42CbbvX35RPCw/65601/a_and_nwed2205.jpg]
[static.showit.co/1600/SGk-HmXzQCSYlj_K7u5CXg/65601/a_and_nwed2287.jpg]
[static.showit.co/1600/9_8NPnY_Qx-B-MnM3BlVmQ/65601/a_and_nwed2299.jpg]
[static.showit.co/1600/kGPOPzgcShiXyzDPWmxhXg/65601/a_and_nwed2400.jpg]
[static.showit.co/1600/CyYbwbyeTBSrLhYSpyRWBA/65601/a_and_nwed2441.jpg]
[static.showit.co/1600/eLV6fEReRUGm4VQNln2Qsw/65601/a_and_nwed2367.jpg]
[static.showit.co/1600/aLfu7DEDQdqK51PFDUdJhg/65601/a_and_nwed2364.jpg]
[static.showit.co/1600/qLIE35V8RoWiYot-bVQcEw/65601/a_and_nwed2457.jpg]
[static.showit.co/1600/NNa9BJ0aQpGLoW4G8z8grg/65601/a_and_nwed2358.jpg]
[static.showit.co/1600/SOVey7OLRpG83hhP8vzo6A/65601/a_and_nwed2539.jpg]
[static.showit.co/1600/XZLqv3g0THSWY2uHLi6tMA/65601/a_and_nwed2592.jpg]
[static.showit.co/1600/9LrHhHclRHOM07rdb6EnZg/65601/a_and_nwed2498.jpg]
[static.showit.co/1600/YdeiLRITSCG1l4CpGCCrBw/65601/a_and_nwed2673.jpg]
[static.showit.co/1600/Z0q0ZJIgTaiL_vcBak8J3w/65601/a_and_nwed2489.jpg]
[static.showit.co/1600/casL5O1LRXWWi6hnNX9yaw/65601/a_and_nwed2733.jpg]
[static.showit.co/1600/WHLC7phIQQid8jz2kd6kkw/65601/a_and_nwed2740.jpg]
[static.showit.co/1600/WoqFBhOnSZi68181sCQPuw/65601/a_and_nwed2754.jpg]
[static.showit.co/1600/knB5vQJCRhOPr0kFT9RjZQ/65601/d_and_awed0071.jpg]
[static.showit.co/1600/7v5q5gRaSwaawpoM2j07hA/65601/d_and_awed0007.jpg]
[static.showit.co/1600/HtZk4_OHT_WRlzz8-_wVhA/65601/d_and_abw0003.jpg]
[static.showit.co/1600/RDVqB6BpRV20DDiL8gMKUw/65601/d_and_awed1005.jpg]
[static.showit.co/1600/K7HybBnkRraOfDkdZ0jznA/65601/d_and_awed0043.jpg]
[static.showit.co/1600/-BIuA1OlTnOUFyJgJpeJ8g/65601/d_and_awed0479.jpg]
[static.showit.co/1600/Hhfh7EDmTBSMJ8p5PRK22A/65601/d_and_awed0078.jpg]
[static.showit.co/1600/--VqieetRRiCiBI0356cCQ/65601/d_and_awed0179.jpg]
[static.showit.co/1600/8QJ1KDEjSzuxg2ydyaZT7g/65601/d_and_awed0310.jpg]
[static.showit.co/1600/h5V4CVVRSLS1SClznHLOzQ/65601/d_and_awed0218.jpg]
[static.showit.co/1600/fRGcsdfJTnmwEv8SiTxn5Q/65601/d_and_awed0303.jpg]
[static.showit.co/1600/E_s9rlK2QOaEa1FT0qb2DA/65601/d_and_awed0274.jpg]
[static.showit.co/1600/kHUtENA8TrmWO2Gg7CKjPQ/65601/d_and_abw0439.jpg]
[static.showit.co/1600/QKXYAQSfRXmQCtbRPEjZhA/65601/d_and_awed0340.jpg]
[static.showit.co/1600/wMgD2BA4QCGwi4ufpj0dEw/65601/d_and_awed0444.jpg]
[static.showit.co/1600/CSqrzr_CSTy0cQZnxQv_fg/65601/d_and_awed0459.jpg]
[static.showit.co/1600/sdMkbh88TrCmuvIIre_tUA/65601/d_and_abw0577.jpg]
[static.showit.co/1600/VppKukqGR2-eqkGJErZepg/65601/d_and_abw0582.jpg]
[static.showit.co/1600/d5TueLmLR8iPNjCFriwqDQ/65601/d_and_abw0591.jpg]
[static.showit.co/1600/LH31DBshQKiLwzGr7HLn6w/65601/d_and_abw0593.jpg]
[static.showit.co/1600/Av69Le98ROCB9-u_Gg1Yaw/65601/d_and_awed0469.jpg]
[static.showit.co/1600/hQB3WuUhTfKgKZEwhuQfIg/65601/d_and_awed0657.jpg]
[static.showit.co/1600/I-VoIad9Sn2S4ioNrO95-Q/65601/d_and_awed0662.jpg]
[static.showit.co/1600/ZhGqDXipSg2_eRcFwEi_Jw/65601/d_and_awed0800.jpg]
[static.showit.co/1600/FimOwudASluMR5reAJ5d_A/65601/d_and_awed0872.jpg]
[static.showit.co/1600/O3ZZ2ndTQUG4BKxjAhYUjg/65601/d_and_awed0878.jpg]
[static.showit.co/1600/wAYRxRMnQ6ykY40nzxvfXg/65601/d_and_awed0558.jpg]
[static.showit.co/1600/vZexm1WXQY-18CzqXtZZGg/65601/d_and_awed0639.jpg]
[static.showit.co/1600/G8LJyAgKTumSHbGC1xNS0g/65601/d_and_awed0879.jpg]
[static.showit.co/1600/AgPfl1tyQb2R8gs9vUbXXg/65601/d_and_awed0890.jpg]
[static.showit.co/1600/J64RGDTRSl248KZT_UbiHA/65601/d_and_awed0904.jpg]
[static.showit.co/1600/GDxt0rBUQ8uZgCGzgxHXgA/65601/d_and_abw1016.jpg]
[static.showit.co/1600/SYI9DREtQYitEDu1oyzWSA/65601/d_and_awed0968.jpg]
[static.showit.co/1600/k7vpW1slReqOh6PsMZcLFQ/65601/d_and_awed0976.jpg]
[static.showit.co/1600/6RAZiA0_T1eY8A5bsAvJGA/65601/d_and_awed0986.jpg]
[static.showit.co/1600/aN40HiLFTJ2mbpE4zgQdZQ/65601/d_and_awed0958.jpg]
[static.showit.co/1600/4llGgEvgTc2Txa8PRczaDA/65601/d_and_awed1110.jpg]
[static.showit.co/1600/wH8ZJ0P0TNiz5JnJ3tplhg/65601/c75a1110.jpg]
[static.showit.co/1600/zZpN6yXRRsG7L8lFh3HONA/65601/c75a1698.jpg]
[static.showit.co/1600/O2vp-nBtQu6lBn4sGhASLw/65601/ktp_9734.jpg]
[static.showit.co/1600/qiWaGmXiTjy_yIEZoEVr-w/65601/c75a1950.jpg]
[static.showit.co/1600/3nXhHIt0SCKXWdLdADHKrw/65601/ktp_9818.jpg]
[static.showit.co/1600/NJh9KVyYTDuN1BNMbZnexw/65601/c75a2822.jpg]
[static.showit.co/1600/CdiLy1y9RGa4RQjrS96YEg/65601/c75a2018.jpg]
[static.showit.co/1600/2VSV75-8TIK5eoi6XxzU5A/65601/ktp_9838.jpg]
[static.showit.co/1600/MiCusO1AT9asH8akcZxeyQ/65601/ktp_0142.jpg]
[static.showit.co/1600/pH4TsXsARNWHtBC5vdUolA/65601/c75a2385.jpg]
[static.showit.co/1600/wyNNKCdOSlCY42C1q2OQ3g/65601/c75a2407.jpg]
[static.showit.co/1600/nTCl_y1mRuCrv2MHGYGm4A/65601/c75a2512.jpg]
[static.showit.co/1600/t2of88elQq-6qMXbFhoo5g/65601/ktp_9942.jpg]
[static.showit.co/1600/terX0ARrSQucillHaofh-Q/65601/ktp_0320.jpg]
[static.showit.co/1600/A33rKERdSVmJm_6M-juxGA/65601/c75a2635.jpg]
[static.showit.co/1600/-phr9qh6T4qxQboQeqGNsA/65601/c75a3056.jpg]
[static.showit.co/1600/_XY5UbilR02Ph1hi3AH_mQ/65601/c75a2662.jpg]
[static.showit.co/1600/pGcA65IkQBeJwD_zYzlpmg/65601/c75a2701.jpg]
[static.showit.co/1600/Xua3gpPIR6CvMGnmTQMVMw/65601/c75a2796.jpg]
[static.showit.co/1600/n0vlq9ZzT_WSUK5ESjAq_w/65601/c75a2989.jpg]
[static.showit.co/1600/l2IV8sR_QGaSS1P2OH5xVQ/65601/c75a3065.jpg]
[static.showit.co/1600/nNXUCEJDRfGuBDBz1bM_Vw/65601/c75a3309.jpg]
[static.showit.co/1600/pkvTea2OTTWBJs_yKTKijA/65601/c75a3579.jpg]
[static.showit.co/1600/9UO9Re6pSR-vlw4YBhCE6A/65601/c75a3670.jpg]
[static.showit.co/1600/I5aOpSRRQCulQ-zTh-Kmnw/65601/c75a3587.jpg]
[static.showit.co/1600/a3CrLHpJTh2JXXZPRrislQ/65601/c75a4069.jpg]
[static.showit.co/1600/09YDlOd-SjamQ9ZNBwXang/65601/c75a4072.jpg]
[static.showit.co/1600/1FOQoetgQFSk8LVTTmqlFA/65601/ktp_0557.jpg]
[static.showit.co/1600/511oIiTYT86-jAtuZ6IFog/65601/c75a4081.jpg]
[static.showit.co/1600/yuOEsk-wTcK4Zh1TLHmiNA/65601/c75a4153.jpg]
[static.showit.co/1600/5u73PaXVSwq7S3Rkc9F3LQ/65601/c75a3630.jpg]
[static.showit.co/1600/g6Lu6sovTrCnc0z7mjEQZw/65601/c75a3757.jpg]
[static.showit.co/1600/75TOtEPcSFOsV3gvs22BrA/65601/c75a4196.jpg]
[static.showit.co/1600/Ku0Q_COzQqa55JRJopfa9Q/65601/c75a4463.jpg]
[static.showit.co/1600/97EtJaFdQAmlnIvceh7WgA/65601/c75a4506.jpg]
[static.showit.co/1600/16fiXpfOTsylceb4AXTnOA/65601/c75a4538.jpg]
[static.showit.co/1600/MPx-Wbt3Rhq7F2yTiy-sNQ/65601/c75a4571.jpg]
[static.showit.co/1600/Xo38at7nQSaOpa1qtgW-pg/65601/c75a4626.jpg]
[static.showit.co/1600/7psrKslmQcWfCPBhRT7GLQ/65601/c75a4642.jpg]
[static.showit.co/1600/FMZXLrrSQLOr5eAN0tD1tg/65601/c75a4886.jpg]
[static.showit.co/1600/ZN1iz6UgTKqY1gi26A5g8w/65601/c75a4973.jpg]
[static.showit.co/1600/Wwn_6lbTS02IIzSMfV31xw/65601/c75a5184.jpg]
[static.showit.co/1600/Q7znM0lKRv6okumBk6R7Hg/65601/c75a5331.jpg]
[static.showit.co/1600/4ZPMwRUJSh6RJ4yHOHWH6w/65601/c75a5408.jpg]
[static.showit.co/1600/PO_FsNbBST298KtQbtZkzQ/65601/c75a5504.jpg]
[static.showit.co/1600/i2Oco5_NS2uaDaDGci4oxA/65601/c75a5874.jpg]
[static.showit.co/1600/pZcV4ModTfSYJOzqxze8sg/65601/b_and_bwed0020.jpg]
[static.showit.co/1600/_yvVGBIvQ16uwqA_dBtDHQ/65601/b_and_bwed0235.jpg]
[static.showit.co/1600/QaHG2tMBR--4Rf5E1GyZ6Q/65601/b_and_bwed0164.jpg]
[static.showit.co/1600/gMJaYJhDSOu0GWOYFUybmw/65601/b_and_bwed0222.jpg]
[static.showit.co/1600/GpUuSYykS3u_JiI0ScHWsg/65601/b_and_bwed0346.jpg]
[static.showit.co/1600/f9LVP89xR0GtN-cf58g-IQ/65601/b_and_bwed0359.jpg]
[static.showit.co/1600/wZYJdvWeTv6VrX0w_IU4Hg/65601/b_and_bwed0410.jpg]
[static.showit.co/1600/_lJGM8FdQWmqKAdOvrjNNA/65601/b_and_bwed0447.jpg]
[static.showit.co/1600/esDPuBUMQqGWo7zQ9Gjs5g/65601/b_and_bwed0462.jpg]
[static.showit.co/1600/_EDyhViRRHyVMvij5lyMSg/65601/b_and_bwed0463.jpg]
[static.showit.co/1600/pt6TlN-KTLWaOMqkSBYhFQ/65601/b_and_bwed0485.jpg]
[static.showit.co/1600/CocyV9x7Siiv9LK_KWmzDw/65601/b_and_bwed0623.jpg]
[static.showit.co/1600/v21SMsGYSXqRp39F0bmm5Q/65601/b_and_bwed0678.jpg]
[static.showit.co/1600/5A7i_xELSqe5vPDWrsJDEA/65601/b_and_bwed0793.jpg]
[static.showit.co/1600/YBi43Gi1SxS1A2fpuOqNAw/65601/b_and_bwed1070.jpg]
[static.showit.co/1600/zudlwspETxWGFFWuqwnXJg/65601/b_and_bwed0748.jpg]
[static.showit.co/1600/mQdrb7h3TH-f_UoM1HymqA/65601/b_and_bwed1220.jpg]
[static.showit.co/1600/deYVsnYPS7KOaW_i4HAwuQ/65601/b_and_bwed1310.jpg]
[static.showit.co/1600/glZ0uFeBQs2qp9pK3OBu4A/65601/b_and_bwed1399.jpg]
[static.showit.co/1600/7U1S9vAMQRKUQccU4UjhHg/65601/b_and_bwed1465.jpg]
[static.showit.co/1600/0sonY4PIRHae78W5_fZurA/65601/b_and_bwed1561.jpg]
[static.showit.co/1600/b88ZsgacQpudnCeAYbXJAg/65601/b_and_bwed1545.jpg]
[static.showit.co/1600/uvZj7WNkQqOnC-NkAKkCfg/65601/b_and_bwed1140.jpg]
[static.showit.co/1600/YqlygbqeR9Kyocod3CZ20w/65601/b_and_bwed1858.jpg]
[static.showit.co/1600/l1Fb-9BfRRCzuyi1BY613g/65601/b_and_bwed1914.jpg]
[static.showit.co/1600/InfePG6YRleE2gleg_s4Hg/65601/b_and_bwed2030.jpg]
[static.showit.co/1600/UDmc3mKYRVK-XLmFZzJmng/65601/b_and_bwed2007.jpg]
[static.showit.co/1600/LERXWNn-TCe43muoO07lzg/65601/b_and_bwed2174.jpg]
[static.showit.co/1600/KQMd2rtrS3C2BYXRKUOqGQ/65601/b_and_bwed2340.jpg]
[static.showit.co/1600/u6QvC8O4SXyG2EtMXPOTQA/65601/b_and_bwed2285.jpg]
[static.showit.co/1600/hqioqHPAQ1yXLy_GDKfolA/65601/b_and_bwed2291.jpg]
[static.showit.co/1600/5SW2ZDuQQZGoHML9a0nf3Q/65601/b_and_bwed2288.jpg]
[static.showit.co/1600/Jkg10EqkSKqIy_CXMw024Q/65601/b_and_bwed2361.jpg]
[static.showit.co/1600/AmUKK07hRMup6ywK0OoQVw/65601/b_and_bwed2419.jpg]
[static.showit.co/1600/Nu2sVU59TKGelKdCInt8kg/65601/b_and_bwed2311.jpg]
[static.showit.co/1600/XTab-2kXS-qK5oJVGuLcIw/65601/b_and_bwed2300.jpg]
[static.showit.co/1600/m65NA04BRayWG1CldV_RbA/65601/b_and_breh0296.jpg]
[static.showit.co/1600/l5udwYMAQ1uPxY-wo2EeGA/65601/b_and_bwed2337.jpg]
[static.showit.co/1600/G6_OgO0wRXyRNywtGBDu1w/65601/florenceeditoral0098.jpg]
[static.showit.co/1600/2GQcmjEsQX6BdTqHJzWtjA/65601/florenceeditoral0099.jpg]
[static.showit.co/1600/6MtTGnNOQJizc7-X49J5hA/65601/florenceeditoral0008.jpg]
[static.showit.co/1600/E8azl4LcRJGGdfT5jlzUDQ/65601/florenceeditoral0031.jpg]
[static.showit.co/1600/kPjhC-WkSMem3dNamMgifA/65601/florenceeditoral0106.jpg]
[static.showit.co/1600/-FZHDhIdRKuw93HFP6TDww/65601/florenceeditoral0112.jpg]
[static.showit.co/1600/BEErA0l9QWi7mkhr_3TXEQ/65601/florenceeditoral0153.jpg]
[static.showit.co/1600/O7o-iJszQciFFzugymVfsw/65601/florenceeditoral0170.jpg]
[static.showit.co/1600/oxeL-4CMRHewI_3qY9U83g/65601/florenceeditoral0070.jpg]
[static.showit.co/1600/BZ7pHmr9SB-O_9_qmmnfgg/65601/florenceeditoral0080.jpg]
[static.showit.co/1600/T1lH3qKHQ1eTj6dYTq-yEw/65601/florenceeditoral0066.jpg]
[static.showit.co/1600/v2VbHhj3R9yoZbioj-vWTA/65601/florenceeditoral0081.jpg]
[static.showit.co/1600/VIlsrHs5QqC1Rm5htZkPCA/65601/florenceeditoral0084.jpg]
[static.showit.co/1600/O4kdT1J3S2ibM9k-JO9Y1Q/65601/florenceeditoral0097.jpg]
[static.showit.co/1600/A78uZm3kQvaghYReInxGqw/65601/florenceeditoral0132.jpg]
[static.showit.co/1600/vmQKDSVBS_iw-g8mbs58lA/65601/florenceeditoral0138.jpg]
[static.showit.co/1600/-rO-b1orSxCaTnFSBCD2Qg/65601/florenceeditoral0157.jpg]
[static.showit.co/1600/102o30XhTF6OnpCyw4sRkQ/65601/florenceeditoral0160.jpg]
[static.showit.co/1600/NwqGhkbsRIK-XNVoPh-sHw/65601/florenceeditoral0171.jpg]
[static.showit.co/1600/jv04l8VQSHSSZ9C83cRAuQ/65601/florenceeditoral0188.jpg]
[static.showit.co/1600/jhRjqitgR1mTgPD7ST4oRw/65601/florenceeditoral0192.jpg]
[static.showit.co/1600/a47r4KKERU-Ou_MPxkgp1w/65601/florenceeditoral0194.jpg]
[static.showit.co/1600/YHdwgBy_SuyDOOgbH_bL0Q/65601/florenceeditoral0201.jpg]
[static.showit.co/1600/Gvx2aU00SjS9kW3CYIwq6g/65601/florenceeditoral0205.jpg]
[static.showit.co/1600/PQCtjjCeSQG1eG-INvEiZA/65601/florenceeditoral0216.jpg]
[static.showit.co/1600/YPf05BnjQlCuZuTd_n4e_g/65601/florenceeditoral0223.jpg]
[static.showit.co/1600/fLPJkIqJT3GQg9174jPI6A/65601/florenceeditoral0253.jpg]
[static.showit.co/1600/xwES6TDJSWyFLhjMpDre0Q/65601/florenceeditoral0256.jpg]
[static.showit.co/1600/KR02i68SQm2lpooMLqDqjg/65601/florenceeditoral0259.jpg]
[static.showit.co/1600/FgyTxkBnQgSJ1XcnylMlzA/65601/florenceeditoral0262.jpg]
[static.showit.co/1600/1MzYH77cQdGytvv_7xsp1A/65601/florenceeditoral0263.jpg]
[static.showit.co/1600/eUrO2NfGQ2SyRJlnl_kn_w/65601/florenceeditoral0275.jpg]
[static.showit.co/1600/XdhkslA6QnKuUDQjeQ0l3g/65601/florenceeditoral0284.jpg]
[static.showit.co/1600/NlUBGxLmRGWsgzLHNbYapQ/65601/florenceeditoral0285.jpg]
[static.showit.co/1600/BmtUOPVOSvOEeEw4zc8T3g/65601/florenceeditoral0288.jpg]
[static.showit.co/1600/aQzvQMKzRt2X27Tp1T7gEg/65601/florenceeditoral0280.jpg]
[static.showit.co/1600/mDbIwqtLSsmfBgB1A9K0bQ/65601/c75a9744.jpg]
[static.showit.co/1600/El570zWfTHqn0NND7mn-gA/65601/c75a9775.jpg]
[static.showit.co/1600/u3hH-YvhRQ6iBSfkRRDR5g/65601/c75a9798.jpg]
[static.showit.co/1600/ttMguK0WRXaYkkT_YSSw8A/65601/c75a9879.jpg]
[static.showit.co/1600/w3tyUnN3TuykKcXcGy3Mnw/65601/c75a9886.jpg]
[static.showit.co/1600/S97C6r6hSkKjy_1UVBBTiA/65601/c75a0041.jpg]
[static.showit.co/1600/TvrDI2OhRtO2oqZ1NLq40Q/65601/c75a0202.jpg]
[static.showit.co/1600/1_AL68XwRoWewck-AnLvCA/65601/c75a0415.jpg]
[static.showit.co/1600/JmZiyIaATLWo-Q01EojISg/65601/c75a0668.jpg]
[static.showit.co/1600/69zD7HyaTyi_viQ1m847fw/65601/c75a0742.jpg]
[static.showit.co/1600/nY5Erht9Qr2eS6vyuUH8VA/65601/ktp_9787.jpg]
[static.showit.co/1600/cqHFbXrAR52r0fYEllyRug/65601/ktp_9844.jpg]
[static.showit.co/1600/NCBnne4uQAekkrWXSCt2uA/65601/c75a0968.jpg]
[static.showit.co/1600/SLCY9s40R7i05IT7MB1okg/65601/c75a1041.jpg]
[static.showit.co/1600/g_vzyBQHSriIkn_palb2ug/65601/c75a1526.jpg]
[static.showit.co/1600/3j7QBiSqSLaBGTSsiZiqcg/65601/c75a1816.jpg]
[static.showit.co/1600/PayYxLE3R3CD7ElMFBJBQQ/65601/c75a1852.jpg]
[static.showit.co/1600/HqiPA6GTS7ywVaGVrpBY9A/65601/c75a2265.jpg]
[static.showit.co/1600/Iz3FpgvbQ2ivDqb04WknJw/65601/c75a2454.jpg]
[static.showit.co/1600/WoM7hmpySBm6qsqqVEWvTA/65601/c75a2458.jpg]
[static.showit.co/1600/ZPW5IKOjRDiIMiPVmfKPOQ/65601/c75a2462.jpg]
[static.showit.co/1600/LE7YDC_vTg-kW8vjzVhIPw/65601/c75a2469.jpg]
[static.showit.co/1600/Bcn9HcLOSEqvw7tSq8r-Fw/65601/c75a2481.jpg]
[static.showit.co/1600/hJ79L7MxRZGozXR-m2ES1Q/65601/c75a2528.jpg]
[static.showit.co/1600/27kQBrJGRNqWK2PlYk8dAQ/65601/c75a2634-2.jpg]
[static.showit.co/1600/Q_D1BpeeRt63vKEBERiRAg/65601/c75a2641.jpg]
[static.showit.co/1600/WGKBDlRgS2yJIS2Jc4zSoA/65601/c75a2662.jpg]
[static.showit.co/1600/br71P2JqQQKldgCWlcgkzw/65601/c75a2766.jpg]
[static.showit.co/1600/zgFHTvuQQn2XUUjSOWnOVQ/65601/c75a2795.jpg]
[static.showit.co/1600/9No_03D9Sm2rcnSpHWIJYw/65601/c75a2822.jpg]
[static.showit.co/1600/abrC6syqQXaJ_oUykQP6xg/65601/c75a2842.jpg]
[static.showit.co/1600/7ntS7Ru2Tr2eEowSznwU3w/65601/c75a2872.jpg]
[static.showit.co/1600/iqMxTOMBQpOiB6YCiHUzbA/65601/ktp_1220.jpg]
[static.showit.co/1600/-3981hd7R_STtk9SH0iDaA/65601/c75a3080.jpg]
[amandaseasholtz.com/weddings.html]
[amandaseasholtz.com/approach.html]
[amandaseasholtz.com/represent-branding.html]
[amandaseasholtz.com/engagements.html]
[cdn-images.mailchimp.com/embedcode/horizontal-slim-10_7.css]
[amandaseasholtz.com/blog/page/2/index.html]
[amandaseasholtz.com/wp-includes/css/dist/block-library/style.min6a4d.css]
[amandaseasholtz.com/wp-includes/css/classic-themes.min68b3.css]
[amandaseasholtz.com/wp-content/themes/showit/pubs/asphzjvlth2d7ubhlkx7bw/20230217170708Sxneqgq/assets/puba243.css]
[amandaseasholtz.com/Florida-wedding-photography/index.html]
[amandaseasholtz.com/ault-park-wedding/index.html]
[amandaseasholtz.com/greenacres-art-center-wedding/index.html]
[amandaseasholtz.com/angie-nick-westin-the-view-indian-wedding/index.html]
[amandaseasholtz.com/honeymoon-luggage/index.html]
[amandaseasholtz.com/wp-content/uploads/2022/05/9-wedding-mehndi.jpg]
